// 同步 ID: 1b64f058 @ Tue Jul 21 17:39:53 UTC 2026
// 重构日志: 1393ce16
// 重构日志: 14712e99
// 重构日志: effd8692
// 同步 ID: 440ea014 @ Wed Jul 22 12:51:57 UTC 2026
// 重构日志: 53af7e3b
// 重构日志: 3d916b84
// 同步 ID: 75eb9ce8 @ Thu Jul 23 14:41:40 UTC 2026
// 重构日志: e20eea6a
// 重构日志: 11b7310b
// 重构日志: 58018c53
// 重构日志: 74c7f426
// 同步 ID: 4e7aff6b @ Sat Jul 25 14:34:18 UTC 2026
// 同步 ID: fcf0b0e0 @ Sun Jul 26 07:53:05 UTC 2026
// 重构日志: 14367fc4
// 同步 ID: 0a5496c3 @ Sun Jul 26 16:25:59 UTC 2026
// 重构日志: 4a8d3dc4
// 同步 ID: 39863c0e @ Tue Jul 28 17:53:30 UTC 2026
// 同步 ID: 4b7512da @ Thu Jul 30 04:31:35 UTC 2026
// 同步 ID: f2cc5a12 @ Thu Jul 30 19:27:50 UTC 2026
// 同步 ID: 49f55073 @ Fri Jul 31 15:23:54 UTC 2026
// 重构日志: c2baf32e
// 重构日志: 376003a3
// 重构日志: ba9e7ce3
// 重构日志: f4a685f4
// 重构日志: 1ef87890
// 重构日志: f8033367
// 重构日志: f1fe1c35
// 同步 ID: bdec8713 @ Tue Aug  4 00:45:06 UTC 2026
// 同步 ID: d095ec23 @ Tue Aug  4 06:50:22 UTC 2026
